ðŸŒŸ This was machine generated.  Do not edit. ðŸŒŸ

Frame[0] {
    "stats": [
        {
            "displayName": "Summary: bytes processed per second",
            "unit": "Bps",
            "value": 3507022
        },
        {
            "displayName": "Summary: lines processed per second",
            "value": 24818
        },
        {
            "displayName": "Summary: total bytes processed",
            "unit": "decbytes",
            "value": 7772
        },
        {
            "displayName": "Summary: total lines processed",
            "value": 55
        },
        {
            "displayName": "Summary: exec time",
            "unit": "s",
            "value": 0.002216125
        },
        {
            "displayName": "Store: total chunks ref",
            "value": 2
        },
        {
            "displayName": "Store: total chunks downloaded",
            "value": 3
        },
        {
            "displayName": "Store: chunks download time",
            "unit": "s",
            "value": 0.000390958
        },
        {
            "displayName": "Store: head chunk bytes",
            "unit": "decbytes",
            "value": 4
        },
        {
            "displayName": "Store: head chunk lines",
            "value": 5
        },
        {
            "displayName": "Store: decompressed bytes",
            "unit": "decbytes",
            "value": 7772
        },
        {
            "displayName": "Store: decompressed lines",
            "value": 55
        },
        {
            "displayName": "Store: compressed bytes",
            "unit": "decbytes",
            "value": 31432
        },
        {
            "displayName": "Store: total duplicates",
            "value": 6
        },
        {
            "displayName": "Ingester: total reached",
            "value": 7
        },
        {
            "displayName": "Ingester: total chunks matched",
            "value": 8
        },
        {
            "displayName": "Ingester: total batches",
            "value": 9
        },
        {
            "displayName": "Ingester: total lines sent",
            "value": 10
        },
        {
            "displayName": "Ingester: head chunk bytes",
            "unit": "decbytes",
            "value": 11
        },
        {
            "displayName": "Ingester: head chunk lines",
            "value": 12
        },
        {
            "displayName": "Ingester: decompressed bytes",
            "unit": "decbytes",
            "value": 13
        },
        {
            "displayName": "Ingester: decompressed lines",
            "value": 14
        },
        {
            "displayName": "Ingester: compressed bytes",
            "unit": "decbytes",
            "value": 15
        },
        {
            "displayName": "Ingester: total duplicates",
            "value": 16
        }
    ],
    "executedQueryString": "Expr: query1"
}
Name: 
Dimensions: 5 Fields by 6 Rows
+------------------------------+-----------------------------------------+------------------+---------------------+---------------------------------+
| Name: labels                 | Name: ts                                | Name: line       | Name: tsNs          | Name: id                        |
| Labels:                      | Labels:                                 | Labels:          | Labels:             | Labels:                         |
| Type: []string               | Type: []time.Time                       | Type: []string   | Type: []string      | Type: []string                  |
+------------------------------+-----------------------------------------+------------------+---------------------+---------------------------------+
| level=error, location=moonðŸŒ™ | 2022-02-16 16:50:44.81075712 +0000 UTC  | log line error 1 | 1645030244810757120 | 1645030244810757120_7967cdab_   |
| level=info, location=moonðŸŒ™  | 2022-02-16 16:50:47.02773504 +0000 UTC  | log line info 1  | 1645030247027735040 | 1645030247027735040_2d5b1dd_    |
| level=info, location=moonðŸŒ™  | 2022-02-16 16:50:46.277587968 +0000 UTC | log line info 2  | 1645030246277587968 | 1645030246277587968_2f525e76_   |
| level=info, location=moonðŸŒ™  | 2022-02-16 16:50:46.277587968 +0000 UTC | log line info 2  | 1645030246277587968 | 1645030246277587968_2f525e76_1_ |
| level=info, location=moonðŸŒ™  | 2022-02-16 16:50:45.539423744 +0000 UTC | log line info 3  | 1645030245539423744 | 1645030245539423744_323a7e5f_   |
| level=info, location=moonðŸŒ™  | 2022-02-16 16:50:44.091700992 +0000 UTC | log line info 4  | 1645030244091700992 | 1645030244091700992_681099d0_   |
+------------------------------+-----------------------------------------+------------------+---------------------+---------------------------------+


====== TEST DATA RESPONSE (arrow base64) ======
FRAME=QVJST1cxAAD/////6AgAABAAAAAAAAoADgAMAAsABAAKAAAAFAAAAAAAAAEEAAoADAAAAAgABAAKAAAACAAAAKQGAAADAAAATAAAACgAAAAEAAAApPf//wgAAAAMAAAAAAAAAAAAAAAFAAAAcmVmSWQAAADE9///CAAAAAwAAAAAAAAAAAAAAAQAAABuYW1lAAAAAOT3//8IAAAAPAYAADIGAAB7InN0YXRzIjpbeyJkaXNwbGF5TmFtZSI6IlN1bW1hcnk6IGJ5dGVzIHByb2Nlc3NlZCBwZXIgc2Vjb25kIiwidW5pdCI6IkJwcyIsInZhbHVlIjozNTA3MDIyfSx7ImRpc3BsYXlOYW1lIjoiU3VtbWFyeTogbGluZXMgcHJvY2Vzc2VkIHBlciBzZWNvbmQiLCJ2YWx1ZSI6MjQ4MTh9LHsiZGlzcGxheU5hbWUiOiJTdW1tYXJ5OiB0b3RhbCBieXRlcyBwcm9jZXNzZWQiLCJ1bml0IjoiZGVjYnl0ZXMiLCJ2YWx1ZSI6Nzc3Mn0seyJkaXNwbGF5TmFtZSI6IlN1bW1hcnk6IHRvdGFsIGxpbmVzIHByb2Nlc3NlZCIsInZhbHVlIjo1NX0seyJkaXNwbGF5TmFtZSI6IlN1bW1hcnk6IGV4ZWMgdGltZSIsInVuaXQiOiJzIiwidmFsdWUiOjAuMDAyMjE2MTI1fSx7ImRpc3BsYXlOYW1lIjoiU3RvcmU6IHRvdGFsIGNodW5rcyByZWYiLCJ2YWx1ZSI6Mn0seyJkaXNwbGF5TmFtZSI6IlN0b3JlOiB0b3RhbCBjaHVua3MgZG93bmxvYWRlZCIsInZhbHVlIjozfSx7ImRpc3BsYXlOYW1lIjoiU3RvcmU6IGNodW5rcyBkb3dubG9hZCB0aW1lIiwidW5pdCI6InMiLCJ2YWx1ZSI6MC4wMDAzOTA5NTh9LHsiZGlzcGxheU5hbWUiOiJTdG9yZTogaGVhZCBjaHVuayBieXRlcyIsInVuaXQiOiJkZWNieXRlcyIsInZhbHVlIjo0fSx7ImRpc3BsYXlOYW1lIjoiU3RvcmU6IGhlYWQgY2h1bmsgbGluZXMiLCJ2YWx1ZSI6NX0seyJkaXNwbGF5TmFtZSI6IlN0b3JlOiBkZWNvbXByZXNzZWQgYnl0ZXMiLCJ1bml0IjoiZGVjYnl0ZXMiLCJ2YWx1ZSI6Nzc3Mn0seyJkaXNwbGF5TmFtZSI6IlN0b3JlOiBkZWNvbXByZXNzZWQgbGluZXMiLCJ2YWx1ZSI6NTV9LHsiZGlzcGxheU5hbWUiOiJTdG9yZTogY29tcHJlc3NlZCBieXRlcyIsInVuaXQiOiJkZWNieXRlcyIsInZhbHVlIjozMTQzMn0seyJkaXNwbGF5TmFtZSI6IlN0b3JlOiB0b3RhbCBkdXBsaWNhdGVzIiwidmFsdWUiOjZ9LHsiZGlzcGxheU5hbWUiOiJJbmdlc3RlcjogdG90YWwgcmVhY2hlZCIsInZhbHVlIjo3fSx7ImRpc3BsYXlOYW1lIjoiSW5nZXN0ZXI6IHRvdGFsIGNodW5rcyBtYXRjaGVkIiwidmFsdWUiOjh9LHsiZGlzcGxheU5hbWUiOiJJbmdlc3RlcjogdG90YWwgYmF0Y2hlcyIsInZhbHVlIjo5fSx7ImRpc3BsYXlOYW1lIjoiSW5nZXN0ZXI6IHRvdGFsIGxpbmVzIHNlbnQiLCJ2YWx1ZSI6MTB9LHsiZGlzcGxheU5hbWUiOiJJbmdlc3RlcjogaGVhZCBjaHVuayBieXRlcyIsInVuaXQiOiJkZWNieXRlcyIsInZhbHVlIjoxMX0seyJkaXNwbGF5TmFtZSI6IkluZ2VzdGVyOiBoZWFkIGNodW5rIGxpbmVzIiwidmFsdWUiOjEyfSx7ImRpc3BsYXlOYW1lIjoiSW5nZXN0ZXI6IGRlY29tcHJlc3NlZCBieXRlcyIsInVuaXQiOiJkZWNieXRlcyIsInZhbHVlIjoxM30seyJkaXNwbGF5TmFtZSI6IkluZ2VzdGVyOiBkZWNvbXByZXNzZWQgbGluZXMiLCJ2YWx1ZSI6MTR9LHsiZGlzcGxheU5hbWUiOiJJbmdlc3RlcjogY29tcHJlc3NlZCBieXRlcyIsInVuaXQiOiJkZWNieXRlcyIsInZhbHVlIjoxNX0seyJkaXNwbGF5TmFtZSI6IkluZ2VzdGVyOiB0b3RhbCBkdXBsaWNhdGVzIiwidmFsdWUiOjE2fV0sImV4ZWN1dGVkUXVlcnlTdHJpbmciOiJFeHByOiBxdWVyeTEifQAABAAAAG1ldGEAAAAABQAAAKgBAAA0AQAA2AAAAFgAAAAEAAAAfv7//xQAAAA4AAAAOAAAAAAAAAU0AAAAAQAAAAQAAABs/v//CAAAAAwAAAACAAAAaWQAAAQAAABuYW1lAAAAAAAAAABg/v//AgAAAGlkAADO/v//FAAAAGAAAABgAAAAAAAABVwAAAACAAAALAAAAAQAAADA/v//CAAAABAAAAAEAAAAdHNOcwAAAAAEAAAAbmFtZQAAAADk/v//CAAAAAwAAAACAAAAe30AAAYAAABsYWJlbHMAAAAAAADY/v//BAAAAHRzTnMAAAAASv///xQAAAA8AAAAPAAAAAAAAAU4AAAAAQAAAAQAAAA4////CAAAABAAAAAEAAAAbGluZQAAAAAEAAAAbmFtZQAAAAAAAAAAMP///wQAAABsaW5lAAAAAKL///8UAAAAOAAAAEAAAAAAAAAKQAAAAAEAAAAEAAAAkP///wgAAAAMAAAAAgAAAHRzAAAEAAAAbmFtZQAAAAAAAAAAAAAGAAgABgAGAAAAAAADAAIAAAB0cwAAAAASABgAFAAAABMADAAAAAgABAASAAAAFAAAAEQAAABIAAAAAAAABUQAAAABAAAADAAAAAgADAAIAAQACAAAAAgAAAAQAAAABgAAAGxhYmVscwAABAAAAG5hbWUAAAAAAAAAAAQABAAEAAAABgAAAGxhYmVscwAAAAAAAP////+IAQAAFAAAAAAAAAAMABYAFAATAAwABAAMAAAA6AIAAAAAAAAUAAAAAAAAAwQACgAYAAwACAAEAAoAAAAUAAAA+AAAAAYAAAAAAAAAAAAAAA4AAAAAAAAAAAAAAAAAAAAAAAAAAAAAAAAAAAAcAAAAAAAAACAAAAAAAAAArwAAAAAAAADQAAAAAAAAAAAAAAAAAAAA0AAAAAAAAAAwAAAAAAAAAAABAAAAAAAAAAAAAAAAAAAAAQAAAAAAABwAAAAAAAAAIAEAAAAAAABbAAAAAAAAAIABAAAAAAAAAAAAAAAAAACAAQAAAAAAABwAAAAAAAAAoAEAAAAAAAByAAAAAAAAABgCAAAAAAAAAAAAAAAAAAAYAgAAAAAAABwAAAAAAAAAOAIAAAAAAACvAAAAAAAAAAAAAAAFAAAABgAAAAAAAAAAAAAAAAAAAAYAAAAAAAAAAAAAAAAAAAAGAAAAAAAAAAAAAAAAAAAABgAAAAAAAAAAAAAAAAAAAAYAAAAAAAAAAAAAAAAAAAAAAAAAHgAAADsAAABYAAAAdQAAAJIAAACvAAAAAAAAAGxldmVsPWVycm9yLCBsb2NhdGlvbj1tb29u8J+MmWxldmVsPWluZm8sIGxvY2F0aW9uPW1vb27wn4yZbGV2ZWw9aW5mbywgbG9jYXRpb249bW9vbvCfjJlsZXZlbD1pbmZvLCBsb2NhdGlvbj1tb29u8J+MmWxldmVsPWluZm8sIGxvY2F0aW9uPW1vb27wn4yZbGV2ZWw9aW5mbywgbG9jYXRpb249bW9vbvCfjJkAABS4ukpS1BYAetw+S1LUFgAkJhJLUtQWACQmEktS1BYApibmSlLUFgAn3I9KUtQWAAAAABAAAAAfAAAALgAAAD0AAABMAAAAWwAAAAAAAABsb2cgbGluZSBlcnJvciAxbG9nIGxpbmUgaW5mbyAxbG9nIGxpbmUgaW5mbyAybG9nIGxpbmUgaW5mbyAybG9nIGxpbmUgaW5mbyAzbG9nIGxpbmUgaW5mbyA0AAAAAAAAAAAAEwAAACYAAAA5AAAATAAAAF8AAAByAAAAAAAAADE2NDUwMzAyNDQ4MTA3NTcxMjAxNjQ1MDMwMjQ3MDI3NzM1MDQwMTY0NTAzMDI0NjI3NzU4Nzk2ODE2NDUwMzAyNDYyNzc1ODc5NjgxNjQ1MDMwMjQ1NTM5NDIzNzQ0MTY0NTAzMDI0NDA5MTcwMDk5MgAAAAAAAAAAAAAdAAAAOQAAAFYAAAB1AAAAkgAAAK8AAAAAAAAAMTY0NTAzMDI0NDgxMDc1NzEyMF83OTY3Y2RhYl8xNjQ1MDMwMjQ3MDI3NzM1MDQwXzJkNWIxZGRfMTY0NTAzMDI0NjI3NzU4Nzk2OF8yZjUyNWU3Nl8xNjQ1MDMwMjQ2Mjc3NTg3OTY4XzJmNTI1ZTc2XzFfMTY0NTAzMDI0NTUzOTQyMzc0NF8zMjNhN2U1Zl8xNjQ1MDMwMjQ0MDkxNzAwOTkyXzY4MTA5OWQwXwAQAAAADAAUABIADAAIAAQADAAAABAAAAAsAAAAOAAAAAAABAABAAAA+AgAAAAAAACQAQAAAAAAAOgCAAAAAAAAAAAAAAAAAAAAAAoADAAAAAgABAAKAAAACAAAAKQGAAADAAAATAAAACgAAAAEAAAApPf//wgAAAAMAAAAAAAAAAAAAAAFAAAAcmVmSWQAAADE9///CAAAAAwAAAAAAAAAAAAAAAQAAABuYW1lAAAAAOT3//8IAAAAPAYAADIGAAB7InN0YXRzIjpbeyJkaXNwbGF5TmFtZSI6IlN1bW1hcnk6IGJ5dGVzIHByb2Nlc3NlZCBwZXIgc2Vjb25kIiwidW5pdCI6IkJwcyIsInZhbHVlIjozNTA3MDIyfSx7ImRpc3BsYXlOYW1lIjoiU3VtbWFyeTogbGluZXMgcHJvY2Vzc2VkIHBlciBzZWNvbmQiLCJ2YWx1ZSI6MjQ4MTh9LHsiZGlzcGxheU5hbWUiOiJTdW1tYXJ5OiB0b3RhbCBieXRlcyBwcm9jZXNzZWQiLCJ1bml0IjoiZGVjYnl0ZXMiLCJ2YWx1ZSI6Nzc3Mn0seyJkaXNwbGF5TmFtZSI6IlN1bW1hcnk6IHRvdGFsIGxpbmVzIHByb2Nlc3NlZCIsInZhbHVlIjo1NX0seyJkaXNwbGF5TmFtZSI6IlN1bW1hcnk6IGV4ZWMgdGltZSIsInVuaXQiOiJzIiwidmFsdWUiOjAuMDAyMjE2MTI1fSx7ImRpc3BsYXlOYW1lIjoiU3RvcmU6IHRvdGFsIGNodW5rcyByZWYiLCJ2YWx1ZSI6Mn0seyJkaXNwbGF5TmFtZSI6IlN0b3JlOiB0b3RhbCBjaHVua3MgZG93bmxvYWRlZCIsInZhbHVlIjozfSx7ImRpc3BsYXlOYW1lIjoiU3RvcmU6IGNodW5rcyBkb3dubG9hZCB0aW1lIiwidW5pdCI6InMiLCJ2YWx1ZSI6MC4wMDAzOTA5NTh9LHsiZGlzcGxheU5hbWUiOiJTdG9yZTogaGVhZCBjaHVuayBieXRlcyIsInVuaXQiOiJkZWNieXRlcyIsInZhbHVlIjo0fSx7ImRpc3BsYXlOYW1lIjoiU3RvcmU6IGhlYWQgY2h1bmsgbGluZXMiLCJ2YWx1ZSI6NX0seyJkaXNwbGF5TmFtZSI6IlN0b3JlOiBkZWNvbXByZXNzZWQgYnl0ZXMiLCJ1bml0IjoiZGVjYnl0ZXMiLCJ2YWx1ZSI6Nzc3Mn0seyJkaXNwbGF5TmFtZSI6IlN0b3JlOiBkZWNvbXByZXNzZWQgbGluZXMiLCJ2YWx1ZSI6NTV9LHsiZGlzcGxheU5hbWUiOiJTdG9yZTogY29tcHJlc3NlZCBieXRlcyIsInVuaXQiOiJkZWNieXRlcyIsInZhbHVlIjozMTQzMn0seyJkaXNwbGF5TmFtZSI6IlN0b3JlOiB0b3RhbCBkdXBsaWNhdGVzIiwidmFsdWUiOjZ9LHsiZGlzcGxheU5hbWUiOiJJbmdlc3RlcjogdG90YWwgcmVhY2hlZCIsInZhbHVlIjo3fSx7ImRpc3BsYXlOYW1lIjoiSW5nZXN0ZXI6IHRvdGFsIGNodW5rcyBtYXRjaGVkIiwidmFsdWUiOjh9LHsiZGlzcGxheU5hbWUiOiJJbmdlc3RlcjogdG90YWwgYmF0Y2hlcyIsInZhbHVlIjo5fSx7ImRpc3BsYXlOYW1lIjoiSW5nZXN0ZXI6IHRvdGFsIGxpbmVzIHNlbnQiLCJ2YWx1ZSI6MTB9LHsiZGlzcGxheU5hbWUiOiJJbmdlc3RlcjogaGVhZCBjaHVuayBieXRlcyIsInVuaXQiOiJkZWNieXRlcyIsInZhbHVlIjoxMX0seyJkaXNwbGF5TmFtZSI6IkluZ2VzdGVyOiBoZWFkIGNodW5rIGxpbmVzIiwidmFsdWUiOjEyfSx7ImRpc3BsYXlOYW1lIjoiSW5nZXN0ZXI6IGRlY29tcHJlc3NlZCBieXRlcyIsInVuaXQiOiJkZWNieXRlcyIsInZhbHVlIjoxM30seyJkaXNwbGF5TmFtZSI6IkluZ2VzdGVyOiBkZWNvbXByZXNzZWQgbGluZXMiLCJ2YWx1ZSI6MTR9LHsiZGlzcGxheU5hbWUiOiJJbmdlc3RlcjogY29tcHJlc3NlZCBieXRlcyIsInVuaXQiOiJkZWNieXRlcyIsInZhbHVlIjoxNX0seyJkaXNwbGF5TmFtZSI6IkluZ2VzdGVyOiB0b3RhbCBkdXBsaWNhdGVzIiwidmFsdWUiOjE2fV0sImV4ZWN1dGVkUXVlcnlTdHJpbmciOiJFeHByOiBxdWVyeTEifQAABAAAAG1ldGEAAAAABQAAAKgBAAA0AQAA2AAAAFgAAAAEAAAAfv7//xQAAAA4AAAAOAAAAAAAAAU0AAAAAQAAAAQAAABs/v//CAAAAAwAAAACAAAAaWQAAAQAAABuYW1lAAAAAAAAAABg/v//AgAAAGlkAADO/v//FAAAAGAAAABgAAAAAAAABVwAAAACAAAALAAAAAQAAADA/v//CAAAABAAAAAEAAAAdHNOcwAAAAAEAAAAbmFtZQAAAADk/v//CAAAAAwAAAACAAAAe30AAAYAAABsYWJlbHMAAAAAAADY/v//BAAAAHRzTnMAAAAASv///xQAAAA8AAAAPAAAAAAAAAU4AAAAAQAAAAQAAAA4////CAAAABAAAAAEAAAAbGluZQAAAAAEAAAAbmFtZQAAAAAAAAAAMP///wQAAABsaW5lAAAAAKL///8UAAAAOAAAAEAAAAAAAAAKQAAAAAEAAAAEAAAAkP///wgAAAAMAAAAAgAAAHRzAAAEAAAAbmFtZQAAAAAAAAAAAAAGAAgABgAGAAAAAAADAAIAAAB0cwAAAAASABgAFAAAABMADAAAAAgABAASAAAAFAAAAEQAAABIAAAAAAAABUQAAAABAAAADAAAAAgADAAIAAQACAAAAAgAAAAQAAAABgAAAGxhYmVscwAABAAAAG5hbWUAAAAAAAAAAAQABAAEAAAABgAAAGxhYmVscwAAEAkAAEFSUk9XMQ==
